// Jest Snapshot v1, https://goo.gl/fbAQLP

exports[`HourlyDisplay HourDisplay Component should match the snapshot 1`] = `
<div
  className="HourlyDisplay"
>
  <HourDetail
    icon="partly-cloudy-night"
    index={0}
    key="20"
    temperature={63}
    time="20"
  />
  <HourDetail
    icon="cloudy"
    index={1}
    key="21"
    temperature={60}
    time="21"
  />
  <HourDetail
    icon="partly-cloudy-night"
    index={2}
    key="22"
    temperature={56}
    time="22"
  />
</div>
`;
