// Jest Snapshot v1, https://goo.gl/fbAQLP

exports[`Header should match the snapshot 1`] = `
<div
  className="Header"
>
  <section
    className="Header-Time"
  >
    <h4>
      14:26:37
    </h4>
  </section>
  <section
    className="Header-Search"
  >
    <Route
      exact={true}
      path="/"
      render={[Function]}
    />
    <Route
      exact={true}
      path="/Search"
      render={[Function]}
    />
  </section>
</div>
`;
