// Jest Snapshot v1, https://goo.gl/fbAQLP

exports[`Search should match the snapshot 1`] = `
<div
  className="Search"
>
  <ReactGoogleAutocomplete
    className="Autocomplete"
    onPlaceSelected={[Function]}
  />
</div>
`;
